vite v6.4.3 building for production...
transforming...

/assets/appointment/quiet-trust/fonts/dejavu-serif-bold.ttf referenced in /assets/appointment/quiet-trust/fonts/dejavu-serif-bold.ttf didn't resolve at build time, it will remain unchanged to be resolved at runtime

/assets/appointment/quiet-trust/fonts/noto-sans-ethiopic.ttf referenced in /assets/appointment/quiet-trust/fonts/noto-sans-ethiopic.ttf didn't resolve at build time, it will remain unchanged to be resolved at runtime

/assets/appointment/quiet-trust/fonts/dejavu-serif.ttf referenced in /assets/appointment/quiet-trust/fonts/dejavu-serif.ttf didn't resolve at build time, it will remain unchanged to be resolved at runtime
[vite:css][postcss] @import must precede all other statements (besides @charset or empty @layer)
82 |     ======================================== */
83 |  
84 |  @import url('https://fonts.googleapis.com/css2?family=JetBrains+Mono:wght@400;500;600;700;800&family=Space+Grotesk:wght@300;400;500;600;700&display=swap');
   |  ^^^^^^^^^^^^^^^^^^^^^^^^^^^^^^^^^^^^^^^^^^^^^^^^^^^^^^^^^^^^^^^^^^^^^^^^^^^^^^^^^^^^^^^^^^^^^^^^^^^^^^^^^^^^^^^^^^^^^^^^^^^^^^^^^^^^^^^^^^^^^^^^^^^^^^^^^^^
85 |  
86 |  .ast-font-display {
✓ 3177 modules transformed.
rendering chunks...
computing gzip size...
../../../../../../../tmp/homepage-controls-build/manifest.webmanifest                           1.91 kB
../../../../../../../tmp/homepage-controls-build/index.html                                     4.47 kB │ gzip:   1.69 kB
../../../../../../../tmp/homepage-controls-build/assets/ConfigurableDashboard-32L71Tc0.css      1.76 kB │ gzip:   0.68 kB
../../../../../../../tmp/homepage-controls-build/assets/index-0FuIOYQ-.css                      4.39 kB │ gzip:   1.30 kB
../../../../../../../tmp/homepage-controls-build/assets/platform-BlsSGq4z.css                   5.45 kB │ gzip:   1.40 kB
../../../../../../../tmp/homepage-controls-build/assets/registry-DQ9yh3pu.css                  72.15 kB │ gzip:  10.44 kB
../../../../../../../tmp/homepage-controls-build/assets/index-DL0ixoyy.css                    124.21 kB │ gzip:  20.06 kB
../../../../../../../tmp/homepage-controls-build/assets/form-vendor-D9J1ljdc.js                 0.03 kB │ gzip:   0.05 kB
../../../../../../../tmp/homepage-controls-build/assets/subWeeks-Cwugt0_Z.js                    0.13 kB │ gzip:   0.12 kB
../../../../../../../tmp/homepage-controls-build/assets/index-DG-2Q4WX.js                       0.29 kB │ gzip:   0.23 kB
../../../../../../../tmp/homepage-controls-build/assets/index-SL8pmHNM.js                       0.66 kB │ gzip:   0.40 kB
../../../../../../../tmp/homepage-controls-build/assets/index-B44IJEfa.js                       1.00 kB │ gzip:   0.57 kB
../../../../../../../tmp/homepage-controls-build/assets/content-CAi8EZ-4.js                     1.03 kB │ gzip:   0.53 kB
../../../../../../../tmp/homepage-controls-build/assets/index-C93ddxS6.js                       1.08 kB │ gzip:   0.60 kB
../../../../../../../tmp/homepage-controls-build/assets/index-BxsmJI8Q.js                       1.26 kB │ gzip:   0.68 kB
../../../../../../../tmp/homepage-controls-build/assets/index-kqSrXQZo.js                       1.28 kB │ gzip:   0.64 kB
../../../../../../../tmp/homepage-controls-build/assets/index-DBcWS0PB.js                       1.34 kB │ gzip:   0.68 kB
../../../../../../../tmp/homepage-controls-build/assets/newsletter-action-CRJ6TDl1.js           1.49 kB │ gzip:   0.82 kB
../../../../../../../tmp/homepage-controls-build/assets/index-B8psCmBG.js                       1.58 kB │ gzip:   0.87 kB
../../../../../../../tmp/homepage-controls-build/assets/staff-invitation-DzGWEGMS.js            1.68 kB │ gzip:   0.89 kB
../../../../../../../tmp/homepage-controls-build/assets/time-DXS_jRvv.js                        1.70 kB │ gzip:   0.84 kB
../../../../../../../tmp/homepage-controls-build/assets/index-lZZWvt3A.js                       1.74 kB │ gzip:   0.64 kB
../../../../../../../tmp/homepage-controls-build/assets/booking-DTZWMtGk.js                     1.76 kB │ gzip:   0.87 kB
../../../../../../../tmp/homepage-controls-build/assets/index-BxToeTNS.js                       1.91 kB │ gzip:   0.91 kB
../../../../../../../tmp/homepage-controls-build/assets/index-CzAkVu0X.js                       1.95 kB │ gzip:   0.99 kB
../../../../../../../tmp/homepage-controls-build/assets/WorkspaceDashboard-CsrHaDzP.js          1.99 kB │ gzip:   0.91 kB
../../../../../../../tmp/homepage-controls-build/assets/index-D-a4EtIf.js                       2.06 kB │ gzip:   1.01 kB
../../../../../../../tmp/homepage-controls-build/assets/NavigationPreferences-h-sDvAHL.js       2.07 kB │ gzip:   0.93 kB
../../../../../../../tmp/homepage-controls-build/assets/PublicExperienceProvider-DDKSkLUH.js    2.37 kB │ gzip:   1.21 kB
../../../../../../../tmp/homepage-controls-build/assets/index-CVr7o2lf.js                       2.42 kB │ gzip:   1.10 kB
../../../../../../../tmp/homepage-controls-build/assets/index-DuYd_wYS.js                       2.62 kB │ gzip:   1.32 kB
../../../../../../../tmp/homepage-controls-build/assets/index-BKzgAmE-.js                       2.66 kB │ gzip:   1.28 kB
../../../../../../../tmp/homepage-controls-build/assets/FilterBar-D8DyaNIZ.js                   2.72 kB │ gzip:   0.89 kB
../../../../../../../tmp/homepage-controls-build/assets/parseISO-CZ1YJRCd.js                    3.00 kB │ gzip:   1.33 kB
../../../../../../../tmp/homepage-controls-build/assets/website-preview-BLlLeXnK.js             3.04 kB │ gzip:   1.37 kB
../../../../../../../tmp/homepage-controls-build/assets/independent-booking-B19ZvLBF.js         3.25 kB │ gzip:   1.41 kB
../../../../../../../tmp/homepage-controls-build/assets/TimeInput--7iWcAKi.js                   3.39 kB │ gzip:   1.52 kB
../../../../../../../tmp/homepage-controls-build/assets/index-glxk_cZB.js                       3.46 kB │ gzip:   1.44 kB
../../../../../../../tmp/homepage-controls-build/assets/independent-booking-BgTpTfDV.js         4.01 kB │ gzip:   1.62 kB
../../../../../../../tmp/homepage-controls-build/assets/StatsRow-DDrkNYTn.js                    4.27 kB │ gzip:   1.44 kB
../../../../../../../tmp/homepage-controls-build/assets/site-CxhqFa-m.js                        4.90 kB │ gzip:   2.12 kB
../../../../../../../tmp/homepage-controls-build/assets/login-BzlTyBvY.js                       5.07 kB │ gzip:   1.81 kB
../../../../../../../tmp/homepage-controls-build/assets/forgot-password-BRvcsJ6Y.js             5.15 kB │ gzip:   1.81 kB
../../../../../../../tmp/homepage-controls-build/assets/index-Zi3KFWXr.js                       5.29 kB │ gzip:   1.98 kB
../../../../../../../tmp/homepage-controls-build/assets/skeletons-V9eR1uly.js                   5.31 kB │ gzip:   2.19 kB
../../../../../../../tmp/homepage-controls-build/assets/organization-import-DyOdcNVo.js         5.45 kB │ gzip:   2.26 kB
../../../../../../../tmp/homepage-controls-build/assets/workbox-window.prod.es5-scn4_hCC.js     5.72 kB │ gzip:   2.35 kB
../../../../../../../tmp/homepage-controls-build/assets/LinkProviderModal-DX9H4in5.js           5.93 kB │ gzip:   2.29 kB
../../../../../../../tmp/homepage-controls-build/assets/calendar-9mh4ak1d.js                    6.44 kB │ gzip:   1.72 kB
../../../../../../../tmp/homepage-controls-build/assets/Navigation-26xL9vuJ.js                  7.18 kB │ gzip:   1.99 kB
../../../../../../../tmp/homepage-controls-build/assets/signup-7opvvIFv.js                      7.58 kB │ gzip:   2.41 kB
../../../../../../../tmp/homepage-controls-build/assets/AppTopNav-DcsuzqmV.js                   8.12 kB │ gzip:   3.02 kB
../../../../../../../tmp/homepage-controls-build/assets/business-Bco_SWwM.js                    8.30 kB │ gzip:   2.94 kB
../../../../../../../tmp/homepage-controls-build/assets/index-C7nFlljq.js                       8.40 kB │ gzip:   2.16 kB
../../../../../../../tmp/homepage-controls-build/assets/index-DMqM40yJ.js                       8.70 kB │ gzip:   3.11 kB
../../../../../../../tmp/homepage-controls-build/assets/index-2CPc5u_0.js                       9.04 kB │ gzip:   3.24 kB
../../../../../../../tmp/homepage-controls-build/assets/website-newsletter-Bg880oV9.js          9.09 kB │ gzip:   2.89 kB
../../../../../../../tmp/homepage-controls-build/assets/index-FBSSxr6m.js                       9.14 kB │ gzip:   2.73 kB
../../../../../../../tmp/homepage-controls-build/assets/website-content-D4-i-KSb.js             9.71 kB │ gzip:   3.21 kB
../../../../../../../tmp/homepage-controls-build/assets/api-DdmKIhOZ.js                        10.03 kB │ gzip:   3.87 kB
../../../../../../../tmp/homepage-controls-build/assets/public-experience-hkgvGCL6.js          10.89 kB │ gzip:   3.53 kB
../../../../../../../tmp/homepage-controls-build/assets/edit-service-ByXPpz3A.js               11.53 kB │ gzip:   2.87 kB
../../../../../../../tmp/homepage-controls-build/assets/api-DY07Qfq4.js                        12.05 kB │ gzip:   2.87 kB
../../../../../../../tmp/homepage-controls-build/assets/team-CoacpeZ0.js                       12.08 kB │ gzip:   3.87 kB
../../../../../../../tmp/homepage-controls-build/assets/website-setup-C_7QRmyR.js              13.00 kB │ gzip:   4.28 kB
../../../../../../../tmp/homepage-controls-build/assets/index-BCgsSgkS.js                      13.24 kB │ gzip:   2.79 kB
../../../../../../../tmp/homepage-controls-build/assets/profile-74qLUU4_.js                    14.80 kB │ gzip:   4.13 kB
../../../../../../../tmp/homepage-controls-build/assets/index-BdhyFLhB.js                      16.83 kB │ gzip:   5.38 kB
../../../../../../../tmp/homepage-controls-build/assets/index-BMTFNzdG.js                      17.64 kB │ gzip:   6.60 kB
../../../../../../../tmp/homepage-controls-build/assets/dashboard-DvZEGel-.js                  18.49 kB │ gzip:   3.24 kB
../../../../../../../tmp/homepage-controls-build/assets/location-CDe8wfPS.js                   19.32 kB │ gzip:   4.62 kB
../../../../../../../tmp/homepage-controls-build/assets/PolicyManager-B6G1qR4j.js              20.01 kB │ gzip:   4.81 kB
../../../../../../../tmp/homepage-controls-build/assets/index-B0odzZCm.js                      22.69 kB │ gzip:   5.49 kB
../../../../../../../tmp/homepage-controls-build/assets/services-CF_0Uico.js                   22.77 kB │ gzip:   5.20 kB
../../../../../../../tmp/homepage-controls-build/assets/index-C_Cop2rs.js                      24.37 kB │ gzip:   8.36 kB
../../../../../../../tmp/homepage-controls-build/assets/assignments-BES6vif9.js                24.74 kB │ gzip:   5.81 kB
../../../../../../../tmp/homepage-controls-build/assets/preview-BpZdeds6.js                    25.55 kB │ gzip:   6.85 kB
../../../../../../../tmp/homepage-controls-build/assets/index-ByQaN2Df.js                      32.28 kB │ gzip:  12.35 kB
../../../../../../../tmp/homepage-controls-build/assets/index-C9lOtiHN.js                      32.58 kB │ gzip:   6.77 kB
../../../../../../../tmp/homepage-controls-build/assets/index-CwlhCuqo.js                      32.74 kB │ gzip:   6.42 kB
../../../../../../../tmp/homepage-controls-build/assets/index-CEO_t-AP.js                      40.80 kB │ gzip:   7.91 kB
../../../../../../../tmp/homepage-controls-build/assets/ConfigurableDashboard-CcUX0S5E.js      49.12 kB │ gzip:  14.04 kB
../../../../../../../tmp/homepage-controls-build/assets/index-B2RD88ME.js                      51.88 kB │ gzip:  10.58 kB
../../../../../../../tmp/homepage-controls-build/assets/availability-Dd88vUqO.js               56.03 kB │ gzip:  11.15 kB
../../../../../../../tmp/homepage-controls-build/assets/index-CPEFonq4.js                      62.41 kB │ gzip:  18.67 kB
../../../../../../../tmp/homepage-controls-build/assets/index-D7fxelpe.js                      64.11 kB │ gzip:  19.50 kB
../../../../../../../tmp/homepage-controls-build/assets/index-C9eJN5V6.js                      64.78 kB │ gzip:   9.80 kB
../../../../../../../tmp/homepage-controls-build/assets/registry-CJrED9iM.js                   75.02 kB │ gzip:  10.24 kB
../../../../../../../tmp/homepage-controls-build/assets/index-9S9MhGx7.js                      82.78 kB │ gzip:  12.39 kB
../../../../../../../tmp/homepage-controls-build/assets/index-De07LIIN.js                     101.93 kB │ gzip:  19.22 kB
../../../../../../../tmp/homepage-controls-build/assets/index-D4U-DXV3.js                     139.89 kB │ gzip:  36.12 kB
../../../../../../../tmp/homepage-controls-build/assets/ui-vendor-DzG544aN.js                 174.47 kB │ gzip:  51.63 kB
../../../../../../../tmp/homepage-controls-build/assets/react-vendor-BGxO5mgQ.js              234.17 kB │ gzip:  76.69 kB
../../../../../../../tmp/homepage-controls-build/assets/index-BIDTRd6t.js                     338.87 kB │ gzip: 112.06 kB
✓ built in 8.28s

PWA v1.2.0
mode      generateSW
precache  113 entries (2467.09 KiB)
files generated
  ../../../../../../../tmp/homepage-controls-build/sw.js
  ../../../../../../../tmp/homepage-controls-build/workbox-c35ca7bb.js
